current directory: /Users/leo/Desktop/UofT/Grad/leo-watson.github.io/vendor/bundle/ruby/4.0.0/gems/yajl-ruby-1.1.0/ext/yajl
/opt/homebrew/opt/ruby/bin/ruby extconf.rb
creating Makefile

current directory: /Users/leo/Desktop/UofT/Grad/leo-watson.github.io/vendor/bundle/ruby/4.0.0/gems/yajl-ruby-1.1.0/ext/yajl
make -j9 DESTDIR\= sitearchdir\=./.gem.20260115-19158-mcw187 sitelibdir\=./.gem.20260115-19158-mcw187 clean

current directory: /Users/leo/Desktop/UofT/Grad/leo-watson.github.io/vendor/bundle/ruby/4.0.0/gems/yajl-ruby-1.1.0/ext/yajl
make -j9 DESTDIR\= sitearchdir\=./.gem.20260115-19158-mcw187 sitelibdir\=./.gem.20260115-19158-mcw187
compiling yajl.c
compiling yajl_alloc.c
compiling yajl_buf.c
compiling yajl_encode.c
compiling yajl_ext.c
compiling yajl_gen.c
compiling yajl_lex.c
compiling yajl_parser.c
compiling yajl_version.c
yajl_gen.c:295:5: warning: implicit conversion from enumeration type 'yajl_gen_state' to different enumeration type 'yajl_gen_status' [-Wenum-conversion]
  295 |     DECREMENT_DEPTH;
      |     ^~~~~~~~~~~~~~~
yajl_gen.c:181:48: note: expanded from macro 'DECREMENT_DEPTH'
  181 |     if (--(g->depth) >= YAJL_MAX_DEPTH) return yajl_gen_error;
      |                                         ~~~~~~ ^~~~~~~~~~~~~~
yajl_gen.c:321:5: warning: implicit conversion from enumeration type 'yajl_gen_state' to different enumeration type 'yajl_gen_status' [-Wenum-conversion]
  321 |     DECREMENT_DEPTH;
      |     ^~~~~~~~~~~~~~~
yajl_gen.c:181:48: note: expanded from macro 'DECREMENT_DEPTH'
  181 |     if (--(g->depth) >= YAJL_MAX_DEPTH) return yajl_gen_error;
      |                                         ~~~~~~ ^~~~~~~~~~~~~~
yajl_ext.c:42:19: warning: implicit conversion loses integer precision: 'long' to 'int' [-Wshorten-64-to-32]
   42 |         int len = RARRAY_LEN(wrapper->builderStack);
      |             ~~~   ^~~~~~~~~~~~~~~~~~~~~~~~~~~~~~~~~
/opt/homebrew/Cellar/ruby/4.0.1/include/ruby-4.0.0/ruby/internal/core/rarray.h:51:36: note: expanded from macro 'RARRAY_LEN'
   51 | #define RARRAY_LEN                 rb_array_len                 /**< @alias{rb_array_len} */
      |                                    ^
yajl_ext.c:47:19: warning: implicit conversion loses integer precision: 'long' to 'int' [-Wshorten-64-to-32]
   47 |         int len = RARRAY_LEN(wrapper->builderStack);
      |             ~~~   ^~~~~~~~~~~~~~~~~~~~~~~~~~~~~~~~~
/opt/homebrew/Cellar/ruby/4.0.1/include/ruby-4.0.0/ruby/internal/core/rarray.h:51:36: note: expanded from macro 'RARRAY_LEN'
   51 | #define RARRAY_LEN                 rb_array_len                 /**< @alias{rb_array_len} */
      |                                    ^
yajl_ext.c:64:11: warning: implicit conversion loses integer precision: 'long' to 'int' [-Wshorten-64-to-32]
   64 |     len = RARRAY_LEN(wrapper->builderStack);
      |         ~ ^~~~~~~~~~~~~~~~~~~~~~~~~~~~~~~~~
/opt/homebrew/Cellar/ruby/4.0.1/include/ruby-4.0.0/ruby/internal/core/rarray.h:51:36: note: expanded from macro 'RARRAY_LEN'
   51 | #define RARRAY_LEN                 rb_array_len                 /**< @alias{rb_array_len} */
      |                                    ^
yajl_ext.c:117:21: warning: variable 'status' set but not used [-Wunused-but-set-variable]
  117 |     yajl_gen_status status;
      |                     ^
yajl_ext.c:176:19: warning: implicit conversion loses integer precision: 'long' to 'unsigned int' [-Wshorten-64-to-32]
  176 |             len = RSTRING_LEN(str);
      |                 ~ ^~~~~~~~~~~~~~~~
/opt/homebrew/Cellar/ruby/4.0.1/include/ruby-4.0.0/ruby/internal/core/rstring.h:46:27: note: expanded from macro 'RSTRING_LEN'
   46 | #define RSTRING_LEN       RSTRING_LEN
      |                           ^
yajl_ext.c:184:19: warning: implicit conversion loses integer precision: 'long' to 'unsigned int' [-Wshorten-64-to-32]
  184 |             len = RSTRING_LEN(obj);
      |                 ~ ^~~~~~~~~~~~~~~~
/opt/homebrew/Cellar/ruby/4.0.1/include/ruby-4.0.0/ruby/internal/core/rstring.h:46:27: note: expanded from macro 'RSTRING_LEN'
   46 | #define RSTRING_LEN       RSTRING_LEN
      |                           ^
yajl_ext.c:192:23: warning: implicit conversion loses integer precision: 'long' to 'unsigned int' [-Wshorten-64-to-32]
  192 |                 len = RSTRING_LEN(str);
      |                     ~ ^~~~~~~~~~~~~~~~
/opt/homebrew/Cellar/ruby/4.0.1/include/ruby-4.0.0/ruby/internal/core/rstring.h:46:27: note: expanded from macro 'RSTRING_LEN'
   46 | #define RSTRING_LEN       RSTRING_LEN
      |                           ^
yajl_ext.c:198:23: warning: implicit conversion loses integer precision: 'long' to 'unsigned int' [-Wshorten-64-to-32]
  198 |                 len = RSTRING_LEN(str);
      |                     ~ ^~~~~~~~~~~~~~~~
/opt/homebrew/Cellar/ruby/4.0.1/include/ruby-4.0.0/ruby/internal/core/rstring.h:46:27: note: expanded from macro 'RSTRING_LEN'
   46 | #define RSTRING_LEN       RSTRING_LEN
      |                           ^
yajl_ext.c:442:17: warning: variable 'stat' set but not used [-Wunused-but-set-variable]
  442 |     yajl_status stat;
      |                 ^
yajl_ext.c:463:15: warning: implicit conversion loses integer precision: 'long' to 'unsigned int' [-Wshorten-64-to-32]
  463 |         len = RSTRING_LEN(input);
      |             ~ ^~~~~~~~~~~~~~~~~~
/opt/homebrew/Cellar/ruby/4.0.1/include/ruby-4.0.0/ruby/internal/core/rstring.h:46:27: note: expanded from macro 'RSTRING_LEN'
   46 | #define RSTRING_LEN       RSTRING_LEN
      |                           ^
yajl_ext.c:469:19: warning: implicit conversion loses integer precision: 'long' to 'unsigned int' [-Wshorten-64-to-32]
  469 |             len = RSTRING_LEN(parsed);
      |                 ~ ^~~~~~~~~~~~~~~~~~~
/opt/homebrew/Cellar/ruby/4.0.1/include/ruby-4.0.0/ruby/internal/core/rstring.h:46:27: note: expanded from macro 'RSTRING_LEN'
   46 | #define RSTRING_LEN       RSTRING_LEN
      |                           ^
yajl_ext.c:509:15: warning: implicit conversion loses integer precision: 'long' to 'unsigned int' [-Wshorten-64-to-32]
  509 |         len = RSTRING_LEN(chunk);
      |             ~ ^~~~~~~~~~~~~~~~~~
/opt/homebrew/Cellar/ruby/4.0.1/include/ruby-4.0.0/ruby/internal/core/rstring.h:46:27: note: expanded from macro 'RSTRING_LEN'
   46 | #define RSTRING_LEN       RSTRING_LEN
      |                           ^
yajl_ext.c:852:22: error: use of undeclared identifier 'rb_cFixnum'
  852 |     rb_define_method(rb_cFixnum, "to_json", rb_yajl_json_ext_fixnum_to_json, -1);
      |                      ^
2 warnings generated.
12 warnings and 1 error generated.
make: *** [yajl_ext.o] Error 1
make: *** Waiting for unfinished jobs....

make failed, exit code 2
