current directory: /Users/leo/Desktop/UofT/Grad/leo-watson.github.io/vendor/bundle/ruby/4.0.0/gems/redcarpet-2.3.0/ext/redcarpet
/opt/homebrew/opt/ruby/bin/ruby extconf.rb
creating Makefile

current directory: /Users/leo/Desktop/UofT/Grad/leo-watson.github.io/vendor/bundle/ruby/4.0.0/gems/redcarpet-2.3.0/ext/redcarpet
make -j9 DESTDIR\= sitearchdir\=./.gem.20260115-19158-ozixor sitelibdir\=./.gem.20260115-19158-ozixor clean

current directory: /Users/leo/Desktop/UofT/Grad/leo-watson.github.io/vendor/bundle/ruby/4.0.0/gems/redcarpet-2.3.0/ext/redcarpet
make -j9 DESTDIR\= sitearchdir\=./.gem.20260115-19158-ozixor sitelibdir\=./.gem.20260115-19158-ozixor
compiling autolink.c
compiling buffer.c
compiling houdini_href_e.c
compiling houdini_html_e.c
compiling html.c
compiling html_smartypants.c
compiling markdown.c
compiling rc_markdown.c
compiling rc_render.c
html_smartypants.c:92:39: warning: initializing 'char *' with an expression of type 'const char[2]' discards qualifiers [-Wincompatible-pointer-types-discards-qualifiers]
   92 |         static char* single_quote_list[] = { "'", "&#39;", "&#x27;", "&apos;", NULL };
      |                                              ^~~
html_smartypants.c:92:44: warning: initializing 'char *' with an expression of type 'const char[6]' discards qualifiers [-Wincompatible-pointer-types-discards-qualifiers]
   92 |         static char* single_quote_list[] = { "'", "&#39;", "&#x27;", "&apos;", NULL };
      |                                                   ^~~~~~~
html_smartypants.c:92:53: warning: initializing 'char *' with an expression of type 'const char[7]' discards qualifiers [-Wincompatible-pointer-types-discards-qualifiers]
   92 |         static char* single_quote_list[] = { "'", "&#39;", "&#x27;", "&apos;", NULL };
      |                                                            ^~~~~~~~
html_smartypants.c:92:63: warning: initializing 'char *' with an expression of type 'const char[7]' discards qualifiers [-Wincompatible-pointer-types-discards-qualifiers]
   92 |         static char* single_quote_list[] = { "'", "&#39;", "&#x27;", "&apos;", NULL };
      |                                                                      ^~~~~~~~
html_smartypants.c:133:25: warning: implicit conversion loses integer precision: 'size_t' (aka 'unsigned long') to 'int' [-Wshorten-64-to-32]
  133 |                 int next_squote_len = squote_len(text+1, size-1);
      |                     ~~~~~~~~~~~~~~~   ^~~~~~~~~~~~~~~~~~~~~~~~~~
html_smartypants.c:137:30: warning: comparison of integers of different signs: 'size_t' (aka 'unsigned long') and 'int' [-Wsign-compare]
  137 |                         uint8_t next_char = (size > 1+next_squote_len) ? text[1+next_squote_len] : 0;
      |                                              ~~~~ ^ ~~~~~~~~~~~~~~~~~
html_smartypants.c:232:12: warning: implicit conversion loses integer precision: 'size_t' (aka 'unsigned long') to 'int' [-Wshorten-64-to-32]
  232 |         int len = squote_len(text, size);
      |             ~~~   ^~~~~~~~~~~~~~~~~~~~~~
html.c:129:4: warning: variable 'cls' is uninitialized when used here [-Wuninitialized]
  129 |                         cls++;
      |                         ^~~
html.c:126:16: note: initialize the variable 'cls' to silence this warning
  126 |                 size_t i, cls;
      |                              ^
      |                               = 0
compiling stack.c
In file included from markdown.c:42:
./html_blocks.h:90:1: warning: a function definition without a prototype is deprecated in all versions of C and is not supported in C23 [-Wdeprecated-non-prototype]
   90 | hash_block_tag (str, len)
      | ^
./html_blocks.h:144:1: warning: a function definition without a prototype is deprecated in all versions of C and is not supported in C23 [-Wdeprecated-non-prototype]
  144 | find_block_tag (str, len)
      | ^
markdown.c:67:15: warning: unused function 'char_underline' [-Wunused-function]
   67 | static size_t char_underline(struct buf *ob, struct sd_markdown *rndr, uint8_t *data, size_t offset, size_t size);
      |               ^~~~~~~~~~~~~~
rc_markdown.c:88:2: warning: 'rb_data_object_get_warning' is deprecated: by TypedData [-Wdeprecated-declarations]
   88 |         Data_Get_Struct(rb_rndr, struct rb_redcarpet_rndr, rndr);
      |         ^
/opt/homebrew/Cellar/ruby/4.0.1/include/ruby-4.0.0/ruby/internal/core/rdata.h:278:34: note: expanded from macro 'Data_Get_Struct'
  278 |     ((sval) = RBIMPL_CAST((type*)rb_data_object_get(obj)))
      |                                  ^
/opt/homebrew/Cellar/ruby/4.0.1/include/ruby-4.0.0/ruby/internal/core/rdata.h:370:31: note: expanded from macro 'rb_data_object_get'
  370 | #define rb_data_object_get    RUBY_MACRO_SELECT(rb_data_object_get_2, RUBY_UNTYPED_DATA_WARNING)
      |                               ^
/opt/homebrew/Cellar/ruby/4.0.1/include/ruby-4.0.0/ruby/internal/core/rdata.h:50:35: note: expanded from macro 'RUBY_MACRO_SELECT'
   50 | #define RUBY_MACRO_SELECT(x, y)   RBIMPL_MACRO_SELECT(x, y)
      |                                   ^
/opt/homebrew/Cellar/ruby/4.0.1/include/ruby-4.0.0/ruby/internal/core/rdata.h:49:35: note: expanded from macro 'RBIMPL_MACRO_SELECT'
   49 | #define RBIMPL_MACRO_SELECT(x, y) x ## y
      |                                   ^
<scratch space>:147:1: note: expanded from here
  147 | rb_data_object_get_1
      | ^
/opt/homebrew/Cellar/ruby/4.0.1/include/ruby-4.0.0/ruby/internal/core/rdata.h:368:31: note: expanded from macro 'rb_data_object_get_1'
  368 | #define rb_data_object_get_1  rb_data_object_get_warning
      |                               ^
/opt/homebrew/Cellar/ruby/4.0.1/include/ruby-4.0.0/ruby/internal/core/rdata.h:317:1: note: 'rb_data_object_get_warning' has been explicitly marked deprecated here
  317 | RBIMPL_ATTRSET_UNTYPED_DATA_FUNC()
      | ^
/opt/homebrew/Cellar/ruby/4.0.1/include/ruby-4.0.0/ruby/internal/core/rdata.h:47:5: note: expanded from macro 'RBIMPL_ATTRSET_UNTYPED_DATA_FUNC'
   47 |     RBIMPL_ATTR_DEPRECATED(("by TypedData"))
      |     ^
/opt/homebrew/Cellar/ruby/4.0.1/include/ruby-4.0.0/ruby/internal/attr/deprecated.h:36:53: note: expanded from macro 'RBIMPL_ATTR_DEPRECATED'
   36 | # define RBIMPL_ATTR_DEPRECATED(msg) __attribute__((__deprecated__ msg))
      |                                                     ^
rc_markdown.c:94:16: warning: 'rb_data_object_wrap_warning' is deprecated: by TypedData [-Wdeprecated-declarations]
   94 |         rb_markdown = Data_Wrap_Struct(klass, NULL, rb_redcarpet_md__free, markdown);
      |                       ^
/opt/homebrew/Cellar/ruby/4.0.1/include/ruby-4.0.0/ruby/internal/core/rdata.h:202:5: note: expanded from macro 'Data_Wrap_Struct'
  202 |     rb_data_object_wrap(                          \
      |     ^
/opt/homebrew/Cellar/ruby/4.0.1/include/ruby-4.0.0/ruby/internal/core/rdata.h:366:31: note: expanded from macro 'rb_data_object_wrap'
  366 | #define rb_data_object_wrap   RUBY_MACRO_SELECT(rb_data_object_wrap_2, RUBY_UNTYPED_DATA_WARNING)
      |                               ^
/opt/homebrew/Cellar/ruby/4.0.1/include/ruby-4.0.0/ruby/internal/core/rdata.h:50:35: note: expanded from macro 'RUBY_MACRO_SELECT'
   50 | #define RUBY_MACRO_SELECT(x, y)   RBIMPL_MACRO_SELECT(x, y)
      |                                   ^
/opt/homebrew/Cellar/ruby/4.0.1/include/ruby-4.0.0/ruby/internal/core/rdata.h:49:35: note: expanded from macro 'RBIMPL_MACRO_SELECT'
   49 | #define RBIMPL_MACRO_SELECT(x, y) x ## y
      |                                   ^
<scratch space>:148:1: note: expanded from here
  148 | rb_data_object_wrap_1
      | ^
/opt/homebrew/Cellar/ruby/4.0.1/include/ruby-4.0.0/ruby/internal/core/rdata.h:364:31: note: expanded from macro 'rb_data_object_wrap_1'
  364 | #define rb_data_object_wrap_1 rb_data_object_wrap_warning
      |                               ^
/opt/homebrew/Cellar/ruby/4.0.1/include/ruby-4.0.0/ruby/internal/core/rdata.h:280:1: note: 'rb_data_object_wrap_warning' has been explicitly marked deprecated here
  280 | RBIMPL_ATTRSET_UNTYPED_DATA_FUNC()
      | ^
/opt/homebrew/Cellar/ruby/4.0.1/include/ruby-4.0.0/ruby/internal/core/rdata.h:47:5: note: expanded from macro 'RBIMPL_ATTRSET_UNTYPED_DATA_FUNC'
   47 |     RBIMPL_ATTR_DEPRECATED(("by TypedData"))
      |     ^
/opt/homebrew/Cellar/ruby/4.0.1/include/ruby-4.0.0/ruby/internal/attr/deprecated.h:36:53: note: expanded from macro 'RBIMPL_ATTR_DEPRECATED'
   36 | # define RBIMPL_ATTR_DEPRECATED(msg) __attribute__((__deprecated__ msg))
      |                                                     ^
rc_markdown.c:109:2: warning: 'rb_data_object_get_warning' is deprecated: by TypedData [-Wdeprecated-declarations]
  109 |         Data_Get_Struct(self, struct sd_markdown, markdown);
      |         ^
/opt/homebrew/Cellar/ruby/4.0.1/include/ruby-4.0.0/ruby/internal/core/rdata.h:278:34: note: expanded from macro 'Data_Get_Struct'
  278 |     ((sval) = RBIMPL_CAST((type*)rb_data_object_get(obj)))
      |                                  ^
/opt/homebrew/Cellar/ruby/4.0.1/include/ruby-4.0.0/ruby/internal/core/rdata.h:370:31: note: expanded from macro 'rb_data_object_get'
  370 | #define rb_data_object_get    RUBY_MACRO_SELECT(rb_data_object_get_2, RUBY_UNTYPED_DATA_WARNING)
      |                               ^
/opt/homebrew/Cellar/ruby/4.0.1/include/ruby-4.0.0/ruby/internal/core/rdata.h:50:35: note: expanded from macro 'RUBY_MACRO_SELECT'
   50 | #define RUBY_MACRO_SELECT(x, y)   RBIMPL_MACRO_SELECT(x, y)
      |                                   ^
/opt/homebrew/Cellar/ruby/4.0.1/include/ruby-4.0.0/ruby/internal/core/rdata.h:49:35: note: expanded from macro 'RBIMPL_MACRO_SELECT'
   49 | #define RBIMPL_MACRO_SELECT(x, y) x ## y
      |                                   ^
<scratch space>:149:1: note: expanded from here
  149 | rb_data_object_get_1
      | ^
/opt/homebrew/Cellar/ruby/4.0.1/include/ruby-4.0.0/ruby/internal/core/rdata.h:368:31: note: expanded from macro 'rb_data_object_get_1'
  368 | #define rb_data_object_get_1  rb_data_object_get_warning
      |                               ^
/opt/homebrew/Cellar/ruby/4.0.1/include/ruby-4.0.0/ruby/internal/core/rdata.h:317:1: note: 'rb_data_object_get_warning' has been explicitly marked deprecated here
  317 | RBIMPL_ATTRSET_UNTYPED_DATA_FUNC()
      | ^
/opt/homebrew/Cellar/ruby/4.0.1/include/ruby-4.0.0/ruby/internal/core/rdata.h:47:5: note: expanded from macro 'RBIMPL_ATTRSET_UNTYPED_DATA_FUNC'
   47 |     RBIMPL_ATTR_DEPRECATED(("by TypedData"))
      |     ^
/opt/homebrew/Cellar/ruby/4.0.1/include/ruby-4.0.0/ruby/internal/attr/deprecated.h:36:53: note: expanded from macro 'RBIMPL_ATTR_DEPRECATED'
   36 | # define RBIMPL_ATTR_DEPRECATED(msg) __attribute__((__deprecated__ msg))
      |                                                     ^
rc_markdown.c:119:3: warning: 'rb_data_object_get_warning' is deprecated: by TypedData [-Wdeprecated-declarations]
  119 |                 Data_Get_Struct(rb_rndr, struct rb_redcarpet_rndr, renderer);
      |                 ^
/opt/homebrew/Cellar/ruby/4.0.1/include/ruby-4.0.0/ruby/internal/core/rdata.h:278:34: note: expanded from macro 'Data_Get_Struct'
  278 |     ((sval) = RBIMPL_CAST((type*)rb_data_object_get(obj)))
      |                                  ^
/opt/homebrew/Cellar/ruby/4.0.1/include/ruby-4.0.0/ruby/internal/core/rdata.h:370:31: note: expanded from macro 'rb_data_object_get'
  370 | #define rb_data_object_get    RUBY_MACRO_SELECT(rb_data_object_get_2, RUBY_UNTYPED_DATA_WARNING)
      |                               ^
/opt/homebrew/Cellar/ruby/4.0.1/include/ruby-4.0.0/ruby/internal/core/rdata.h:50:35: note: expanded from macro 'RUBY_MACRO_SELECT'
   50 | #define RUBY_MACRO_SELECT(x, y)   RBIMPL_MACRO_SELECT(x, y)
      |                                   ^
/opt/homebrew/Cellar/ruby/4.0.1/include/ruby-4.0.0/ruby/internal/core/rdata.h:49:35: note: expanded from macro 'RBIMPL_MACRO_SELECT'
   49 | #define RBIMPL_MACRO_SELECT(x, y) x ## y
      |                                   ^
<scratch space>:150:1: note: expanded from here
  150 | rb_data_object_get_1
      | ^
/opt/homebrew/Cellar/ruby/4.0.1/include/ruby-4.0.0/ruby/internal/core/rdata.h:368:31: note: expanded from macro 'rb_data_object_get_1'
  368 | #define rb_data_object_get_1  rb_data_object_get_warning
      |                               ^
/opt/homebrew/Cellar/ruby/4.0.1/include/ruby-4.0.0/ruby/internal/core/rdata.h:317:1: note: 'rb_data_object_get_warning' has been explicitly marked deprecated here
  317 | RBIMPL_ATTRSET_UNTYPED_DATA_FUNC()
      | ^
/opt/homebrew/Cellar/ruby/4.0.1/include/ruby-4.0.0/ruby/internal/core/rdata.h:47:5: note: expanded from macro 'RBIMPL_ATTRSET_UNTYPED_DATA_FUNC'
   47 |     RBIMPL_ATTR_DEPRECATED(("by TypedData"))
      |     ^
/opt/homebrew/Cellar/ruby/4.0.1/include/ruby-4.0.0/ruby/internal/attr/deprecated.h:36:53: note: expanded from macro 'RBIMPL_ATTR_DEPRECATED'
   36 | # define RBIMPL_ATTR_DEPRECATED(msg) __attribute__((__deprecated__ msg))
      |                                                     ^
rc_render.c:259:2: warning: 'rb_data_object_get_warning' is deprecated: by TypedData [-Wdeprecated-declarations]
  259 |         Data_Get_Struct(opt->self, struct rb_redcarpet_rndr, rndr);
      |         ^
/opt/homebrew/Cellar/ruby/4.0.1/include/ruby-4.0.0/ruby/internal/core/rdata.h:278:34: note: expanded from macro 'Data_Get_Struct'
  278 |     ((sval) = RBIMPL_CAST((type*)rb_data_object_get(obj)))
      |                                  ^
/opt/homebrew/Cellar/ruby/4.0.1/include/ruby-4.0.0/ruby/internal/core/rdata.h:370:31: note: expanded from macro 'rb_data_object_get'
  370 | #define rb_data_object_get    RUBY_MACRO_SELECT(rb_data_object_get_2, RUBY_UNTYPED_DATA_WARNING)
      |                               ^
/opt/homebrew/Cellar/ruby/4.0.1/include/ruby-4.0.0/ruby/internal/core/rdata.h:50:35: note: expanded from macro 'RUBY_MACRO_SELECT'
   50 | #define RUBY_MACRO_SELECT(x, y)   RBIMPL_MACRO_SELECT(x, y)
      |                                   ^
/opt/homebrew/Cellar/ruby/4.0.1/include/ruby-4.0.0/ruby/internal/core/rdata.h:49:35: note: expanded from macro 'RBIMPL_MACRO_SELECT'
   49 | #define RBIMPL_MACRO_SELECT(x, y) x ## y
      |                                   ^
<scratch space>:147:1: note: expanded from here
  147 | rb_data_object_get_1
      | ^
/opt/homebrew/Cellar/ruby/4.0.1/include/ruby-4.0.0/ruby/internal/core/rdata.h:368:31: note: expanded from macro 'rb_data_object_get_1'
  368 | #define rb_data_object_get_1  rb_data_object_get_warning
      |                               ^
/opt/homebrew/Cellar/ruby/4.0.1/include/ruby-4.0.0/ruby/internal/core/rdata.h:317:1: note: 'rb_data_object_get_warning' has been explicitly marked deprecated here
  317 | RBIMPL_ATTRSET_UNTYPED_DATA_FUNC()
      | ^
/opt/homebrew/Cellar/ruby/4.0.1/include/ruby-4.0.0/ruby/internal/core/rdata.h:47:5: note: expanded from macro 'RBIMPL_ATTRSET_UNTYPED_DATA_FUNC'
   47 |     RBIMPL_ATTR_DEPRECATED(("by TypedData"))
      |     ^
/opt/homebrew/Cellar/ruby/4.0.1/include/ruby-4.0.0/ruby/internal/attr/deprecated.h:36:53: note: expanded from macro 'RBIMPL_ATTR_DEPRECATED'
   36 | # define RBIMPL_ATTR_DEPRECATED(msg) __attribute__((__deprecated__ msg))
      |                                                     ^
rc_render.c:342:9: warning: 'rb_data_object_wrap_warning' is deprecated: by TypedData [-Wdeprecated-declarations]
  342 |         return Data_Wrap_Struct(klass, rb_redcarpet_rbase_mark, NULL, rndr);
      |                ^
/opt/homebrew/Cellar/ruby/4.0.1/include/ruby-4.0.0/ruby/internal/core/rdata.h:202:5: note: expanded from macro 'Data_Wrap_Struct'
  202 |     rb_data_object_wrap(                          \
      |     ^
/opt/homebrew/Cellar/ruby/4.0.1/include/ruby-4.0.0/ruby/internal/core/rdata.h:366:31: note: expanded from macro 'rb_data_object_wrap'
  366 | #define rb_data_object_wrap   RUBY_MACRO_SELECT(rb_data_object_wrap_2, RUBY_UNTYPED_DATA_WARNING)
      |                               ^
/opt/homebrew/Cellar/ruby/4.0.1/include/ruby-4.0.0/ruby/internal/core/rdata.h:50:35: note: expanded from macro 'RUBY_MACRO_SELECT'
   50 | #define RUBY_MACRO_SELECT(x, y)   RBIMPL_MACRO_SELECT(x, y)
      |                                   ^
/opt/homebrew/Cellar/ruby/4.0.1/include/ruby-4.0.0/ruby/internal/core/rdata.h:49:35: note: expanded from macro 'RBIMPL_MACRO_SELECT'
   49 | #define RBIMPL_MACRO_SELECT(x, y) x ## y
      |                                   ^
<scratch space>:148:1: note: expanded from here
  148 | rb_data_object_wrap_1
      | ^
/opt/homebrew/Cellar/ruby/4.0.1/include/ruby-4.0.0/ruby/internal/core/rdata.h:364:31: note: expanded from macro 'rb_data_object_wrap_1'
  364 | #define rb_data_object_wrap_1 rb_data_object_wrap_warning
      |                               ^
/opt/homebrew/Cellar/ruby/4.0.1/include/ruby-4.0.0/ruby/internal/core/rdata.h:280:1: note: 'rb_data_object_wrap_warning' has been explicitly marked deprecated here
  280 | RBIMPL_ATTRSET_UNTYPED_DATA_FUNC()
      | ^
/opt/homebrew/Cellar/ruby/4.0.1/include/ruby-4.0.0/ruby/internal/core/rdata.h:47:5: note: expanded from macro 'RBIMPL_ATTRSET_UNTYPED_DATA_FUNC'
   47 |     RBIMPL_ATTR_DEPRECATED(("by TypedData"))
      |     ^
/opt/homebrew/Cellar/ruby/4.0.1/include/ruby-4.0.0/ruby/internal/attr/deprecated.h:36:53: note: expanded from macro 'RBIMPL_ATTR_DEPRECATED'
   36 | # define RBIMPL_ATTR_DEPRECATED(msg) __attribute__((__deprecated__ msg))
      |                                                     ^
rc_render.c:349:2: warning: 'rb_data_object_get_warning' is deprecated: by TypedData [-Wdeprecated-declarations]
  349 |         Data_Get_Struct(self, struct rb_redcarpet_rndr, rndr);
      |         ^
/opt/homebrew/Cellar/ruby/4.0.1/include/ruby-4.0.0/ruby/internal/core/rdata.h:278:34: note: expanded from macro 'Data_Get_Struct'
  278 |     ((sval) = RBIMPL_CAST((type*)rb_data_object_get(obj)))
      |                                  ^
/opt/homebrew/Cellar/ruby/4.0.1/include/ruby-4.0.0/ruby/internal/core/rdata.h:370:31: note: expanded from macro 'rb_data_object_get'
  370 | #define rb_data_object_get    RUBY_MACRO_SELECT(rb_data_object_get_2, RUBY_UNTYPED_DATA_WARNING)
      |                               ^
/opt/homebrew/Cellar/ruby/4.0.1/include/ruby-4.0.0/ruby/internal/core/rdata.h:50:35: note: expanded from macro 'RUBY_MACRO_SELECT'
   50 | #define RUBY_MACRO_SELECT(x, y)   RBIMPL_MACRO_SELECT(x, y)
      |                                   ^
/opt/homebrew/Cellar/ruby/4.0.1/include/ruby-4.0.0/ruby/internal/core/rdata.h:49:35: note: expanded from macro 'RBIMPL_MACRO_SELECT'
   49 | #define RBIMPL_MACRO_SELECT(x, y) x ## y
      |                                   ^
<scratch space>:149:1: note: expanded from here
  149 | rb_data_object_get_1
      | ^
/opt/homebrew/Cellar/ruby/4.0.1/include/ruby-4.0.0/ruby/internal/core/rdata.h:368:31: note: expanded from macro 'rb_data_object_get_1'
  368 | #define rb_data_object_get_1  rb_data_object_get_warning
      |                               ^
/opt/homebrew/Cellar/ruby/4.0.1/include/ruby-4.0.0/ruby/internal/core/rdata.h:317:1: note: 'rb_data_object_get_warning' has been explicitly marked deprecated here
  317 | RBIMPL_ATTRSET_UNTYPED_DATA_FUNC()
      | ^
/opt/homebrew/Cellar/ruby/4.0.1/include/ruby-4.0.0/ruby/internal/core/rdata.h:47:5: note: expanded from macro 'RBIMPL_ATTRSET_UNTYPED_DATA_FUNC'
   47 |     RBIMPL_ATTR_DEPRECATED(("by TypedData"))
      |     ^
/opt/homebrew/Cellar/ruby/4.0.1/include/ruby-4.0.0/ruby/internal/attr/deprecated.h:36:53: note: expanded from macro 'RBIMPL_ATTR_DEPRECATED'
   36 | # define RBIMPL_ATTR_DEPRECATED(msg) __attribute__((__deprecated__ msg))
      |                                                     ^
rc_render.c:382:2: warning: 'rb_data_object_get_warning' is deprecated: by TypedData [-Wdeprecated-declarations]
  382 |         Data_Get_Struct(self, struct rb_redcarpet_rndr, rndr);
      |         ^
/opt/homebrew/Cellar/ruby/4.0.1/include/ruby-4.0.0/ruby/internal/core/rdata.h:278:34: note: expanded from macro 'Data_Get_Struct'
  278 |     ((sval) = RBIMPL_CAST((type*)rb_data_object_get(obj)))
      |                                  ^
/opt/homebrew/Cellar/ruby/4.0.1/include/ruby-4.0.0/ruby/internal/core/rdata.h:370:31: note: expanded from macro 'rb_data_object_get'
  370 | #define rb_data_object_get    RUBY_MACRO_SELECT(rb_data_object_get_2, RUBY_UNTYPED_DATA_WARNING)
      |                               ^
/opt/homebrew/Cellar/ruby/4.0.1/include/ruby-4.0.0/ruby/internal/core/rdata.h:50:35: note: expanded from macro 'RUBY_MACRO_SELECT'
   50 | #define RUBY_MACRO_SELECT(x, y)   RBIMPL_MACRO_SELECT(x, y)
      |                                   ^
/opt/homebrew/Cellar/ruby/4.0.1/include/ruby-4.0.0/ruby/internal/core/rdata.h:49:35: note: expanded from macro 'RBIMPL_MACRO_SELECT'
   49 | #define RBIMPL_MACRO_SELECT(x, y) x ## y
      |                                   ^
<scratch space>:150:1: note: expanded from here
  150 | rb_data_object_get_1
      | ^
/opt/homebrew/Cellar/ruby/4.0.1/include/ruby-4.0.0/ruby/internal/core/rdata.h:368:31: note: expanded from macro 'rb_data_object_get_1'
  368 | #define rb_data_object_get_1  rb_data_object_get_warning
      |                               ^
/opt/homebrew/Cellar/ruby/4.0.1/include/ruby-4.0.0/ruby/internal/core/rdata.h:317:1: note: 'rb_data_object_get_warning' has been explicitly marked deprecated here
  317 | RBIMPL_ATTRSET_UNTYPED_DATA_FUNC()
      | ^
/opt/homebrew/Cellar/ruby/4.0.1/include/ruby-4.0.0/ruby/internal/core/rdata.h:47:5: note: expanded from macro 'RBIMPL_ATTRSET_UNTYPED_DATA_FUNC'
   47 |     RBIMPL_ATTR_DEPRECATED(("by TypedData"))
      |     ^
/opt/homebrew/Cellar/ruby/4.0.1/include/ruby-4.0.0/ruby/internal/attr/deprecated.h:36:53: note: expanded from macro 'RBIMPL_ATTR_DEPRECATED'
   36 | # define RBIMPL_ATTR_DEPRECATED(msg) __attribute__((__deprecated__ msg))
      |                                                     ^
rc_render.c:441:2: warning: 'rb_data_object_get_warning' is deprecated: by TypedData [-Wdeprecated-declarations]
  441 |         Data_Get_Struct(self, struct rb_redcarpet_rndr, rndr);
      |         ^
/opt/homebrew/Cellar/ruby/4.0.1/include/ruby-4.0.0/ruby/internal/core/rdata.h:278:34: note: expanded from macro 'Data_Get_Struct'
  278 |     ((sval) = RBIMPL_CAST((type*)rb_data_object_get(obj)))
      |                                  ^
/opt/homebrew/Cellar/ruby/4.0.1/include/ruby-4.0.0/ruby/internal/core/rdata.h:370:31: note: expanded from macro 'rb_data_object_get'
  370 | #define rb_data_object_get    RUBY_MACRO_SELECT(rb_data_object_get_2, RUBY_UNTYPED_DATA_WARNING)
      |                               ^
/opt/homebrew/Cellar/ruby/4.0.1/include/ruby-4.0.0/ruby/internal/core/rdata.h:50:35: note: expanded from macro 'RUBY_MACRO_SELECT'
   50 | #define RUBY_MACRO_SELECT(x, y)   RBIMPL_MACRO_SELECT(x, y)
      |                                   ^
/opt/homebrew/Cellar/ruby/4.0.1/include/ruby-4.0.0/ruby/internal/core/rdata.h:49:35: note: expanded from macro 'RBIMPL_MACRO_SELECT'
   49 | #define RBIMPL_MACRO_SELECT(x, y) x ## y
      |                                   ^
<scratch space>:151:1: note: expanded from here
  151 | rb_data_object_get_1
      | ^
/opt/homebrew/Cellar/ruby/4.0.1/include/ruby-4.0.0/ruby/internal/core/rdata.h:368:31: note: expanded from macro 'rb_data_object_get_1'
  368 | #define rb_data_object_get_1  rb_data_object_get_warning
      |                               ^
/opt/homebrew/Cellar/ruby/4.0.1/include/ruby-4.0.0/ruby/internal/core/rdata.h:317:1: note: 'rb_data_object_get_warning' has been explicitly marked deprecated here
  317 | RBIMPL_ATTRSET_UNTYPED_DATA_FUNC()
      | ^
/opt/homebrew/Cellar/ruby/4.0.1/include/ruby-4.0.0/ruby/internal/core/rdata.h:47:5: note: expanded from macro 'RBIMPL_ATTRSET_UNTYPED_DATA_FUNC'
   47 |     RBIMPL_ATTR_DEPRECATED(("by TypedData"))
      |     ^
/opt/homebrew/Cellar/ruby/4.0.1/include/ruby-4.0.0/ruby/internal/attr/deprecated.h:36:53: note: expanded from macro 'RBIMPL_ATTR_DEPRECATED'
   36 | # define RBIMPL_ATTR_DEPRECATED(msg) __attribute__((__deprecated__ msg))
      |                                                     ^
4 warnings generated.
7 warnings generated.
1 warning generated.
5 warnings generated.
3 warnings generated.
linking shared-object redcarpet.bundle

current directory: /Users/leo/Desktop/UofT/Grad/leo-watson.github.io/vendor/bundle/ruby/4.0.0/gems/redcarpet-2.3.0/ext/redcarpet
make -j9 DESTDIR\= sitearchdir\=./.gem.20260115-19158-ozixor sitelibdir\=./.gem.20260115-19158-ozixor install
/usr/bin/install -c -m 0755 redcarpet.bundle ./.gem.20260115-19158-ozixor

current directory: /Users/leo/Desktop/UofT/Grad/leo-watson.github.io/vendor/bundle/ruby/4.0.0/gems/redcarpet-2.3.0/ext/redcarpet
make DESTDIR\= sitearchdir\=./.gem.20260115-19158-ozixor sitelibdir\=./.gem.20260115-19158-ozixor clean
