current directory: /Users/leo/Desktop/UofT/Grad/leo-watson.github.io/vendor/bundle/ruby/4.0.0/gems/RedCloth-4.2.9/ext/redcloth_scan
/opt/homebrew/opt/ruby/bin/ruby extconf.rb
checking for main() in -lc... yes
creating Makefile

current directory: /Users/leo/Desktop/UofT/Grad/leo-watson.github.io/vendor/bundle/ruby/4.0.0/gems/RedCloth-4.2.9/ext/redcloth_scan
make -j9 DESTDIR\= sitearchdir\=./.gem.20260115-19158-22cz0g sitelibdir\=./.gem.20260115-19158-22cz0g clean

current directory: /Users/leo/Desktop/UofT/Grad/leo-watson.github.io/vendor/bundle/ruby/4.0.0/gems/RedCloth-4.2.9/ext/redcloth_scan
make -j9 DESTDIR\= sitearchdir\=./.gem.20260115-19158-22cz0g sitelibdir\=./.gem.20260115-19158-22cz0g
compiling redcloth_attributes.c
compiling redcloth_inline.c
compiling redcloth_scan.c
ragel/redcloth_attributes.c.rl:22:1: warning: a function definition without a prototype is deprecated in all versions of C and is not supported in C23 [-Wdeprecated-non-prototype]
   22 | redcloth_attribute_parser(machine, self, p, pe)
      | ^
ragel/redcloth_attributes.c.rl:27:11: warning: variable 'act' set but not used [-Wunused-but-set-variable]
   27 |   int cs, act;
      |           ^
ragel/redcloth_attributes.c.rl:42:1: warning: a function definition without a prototype is deprecated in all versions of C and is not supported in C23 [-Wdeprecated-non-prototype]
   42 | redcloth_attributes(self, str)
      | ^
ragel/redcloth_attributes.c.rl:51:1: warning: a function definition without a prototype is deprecated in all versions of C and is not supported in C23 [-Wdeprecated-non-prototype]
   51 | redcloth_link_attributes(self, str)
      | ^
ext/redcloth_scan/redcloth_attributes.c:403:18: warning: unused variable 'redcloth_attributes_error' [-Wunused-const-variable]
  403 | static const int redcloth_attributes_error = 0;
      |                  ^~~~~~~~~~~~~~~~~~~~~~~~~
ragel/redcloth_inline.c.rl:100:9: warning: variable 'attr_regs' set but not used [-Wunused-but-set-variable]
  100 |   VALUE attr_regs = rb_hash_new();
      |         ^
ragel/redcloth_inline.c.rl:146:1: warning: a function definition without a prototype is deprecated in all versions of C and is not supported in C23 [-Wdeprecated-non-prototype]
  146 | redcloth_inline(self, p, pe, refs)
      | ^
ragel/redcloth_inline.c.rl:171:1: warning: a function definition without a prototype is deprecated in all versions of C and is not supported in C23 [-Wdeprecated-non-prototype]
  171 | rb_str_cat_escaped(self, str, ts, te)
      | ^
ragel/redcloth_inline.c.rl:181:1: warning: a function definition without a prototype is deprecated in all versions of C and is not supported in C23 [-Wdeprecated-non-prototype]
  181 | rb_str_cat_escaped_for_preformatted(self, str, ts, te)
      | ^
ragel/redcloth_inline.c.rl:191:1: warning: a function definition without a prototype is deprecated in all versions of C and is not supported in C23 [-Wdeprecated-non-prototype]
  191 | redcloth_inline2(self, str, refs)
      | ^
ext/redcloth_scan/redcloth_inline.c:7112:18: warning: unused variable 'redcloth_inline_error' [-Wunused-const-variable]
 7112 | static const int redcloth_inline_error = 0;
      |                  ^~~~~~~~~~~~~~~~~~~~~
ext/redcloth_scan/redcloth_inline.c:7114:18: warning: unused variable 'redcloth_inline_en_code_tag' [-Wunused-const-variable]
 7114 | static const int redcloth_inline_en_code_tag = 1516;
      |                  ^~~~~~~~~~~~~~~~~~~~~~~~~~~
ext/redcloth_scan/redcloth_inline.c:7115:18: warning: unused variable 'redcloth_inline_en_main' [-Wunused-const-variable]
 7115 | static const int redcloth_inline_en_main = 1270;
      |                  ^~~~~~~~~~~~~~~~~~~~~~~
ragel/redcloth_scan.c.rl:29:1: warning: a function definition without a prototype is deprecated in all versions of C and is not supported in C23 [-Wdeprecated-non-prototype]
   29 | redcloth_transform(self, p, pe, refs)
      | ^
5 warnings generated.
ragel/redcloth_scan.c.rl:69:1: warning: a function definition without a prototype is deprecated in all versions of C and is not supported in C23 [-Wdeprecated-non-prototype]
   69 | redcloth_transform2(self, str)
      | ^
ragel/redcloth_scan.c.rl:203:1: warning: a function definition without a prototype is deprecated in all versions of C and is not supported in C23 [-Wdeprecated-non-prototype]
  203 | redcloth_to(self, formatter)
      | ^
ext/redcloth_scan/redcloth_scan.c:23028:18: warning: unused variable 'redcloth_scan_error' [-Wunused-const-variable]
 23028 | static const int redcloth_scan_error = 0;
       |                  ^~~~~~~~~~~~~~~~~~~
ext/redcloth_scan/redcloth_scan.c:23030:18: warning: unused variable 'redcloth_scan_en_pre_tag' [-Wunused-const-variable]
 23030 | static const int redcloth_scan_en_pre_tag = 2420;
       |                  ^~~~~~~~~~~~~~~~~~~~~~~~
ext/redcloth_scan/redcloth_scan.c:23031:18: warning: unused variable 'redcloth_scan_en_pre_block' [-Wunused-const-variable]
 23031 | static const int redcloth_scan_en_pre_block = 2423;
       |                  ^~~~~~~~~~~~~~~~~~~~~~~~~~
ext/redcloth_scan/redcloth_scan.c:23032:18: warning: unused variable 'redcloth_scan_en_script_tag' [-Wunused-const-variable]
 23032 | static const int redcloth_scan_en_script_tag = 2431;
       |                  ^~~~~~~~~~~~~~~~~~~~~~~~~~~
ext/redcloth_scan/redcloth_scan.c:23033:18: warning: unused variable 'redcloth_scan_en_noparagraph_line' [-Wunused-const-variable]
 23033 | static const int redcloth_scan_en_noparagraph_line = 2434;
       |                  ^~~~~~~~~~~~~~~~~~~~~~~~~~~~~~~~~
ext/redcloth_scan/redcloth_scan.c:23034:18: warning: unused variable 'redcloth_scan_en_notextile_block' [-Wunused-const-variable]
 23034 | static const int redcloth_scan_en_notextile_block = 2435;
       |                  ^~~~~~~~~~~~~~~~~~~~~~~~~~~~~~~~
ext/redcloth_scan/redcloth_scan.c:23035:18: warning: unused variable 'redcloth_scan_en_html' [-Wunused-const-variable]
 23035 | static const int redcloth_scan_en_html = 2443;
       |                  ^~~~~~~~~~~~~~~~~~~~~
ext/redcloth_scan/redcloth_scan.c:23036:18: warning: unused variable 'redcloth_scan_en_bc' [-Wunused-const-variable]
 23036 | static const int redcloth_scan_en_bc = 2449;
       |                  ^~~~~~~~~~~~~~~~~~~
ext/redcloth_scan/redcloth_scan.c:23037:18: warning: unused variable 'redcloth_scan_en_bq' [-Wunused-const-variable]
 23037 | static const int redcloth_scan_en_bq = 2457;
       |                  ^~~~~~~~~~~~~~~~~~~
ext/redcloth_scan/redcloth_scan.c:23038:18: warning: unused variable 'redcloth_scan_en_block' [-Wunused-const-variable]
 23038 | static const int redcloth_scan_en_block = 2465;
       |                  ^~~~~~~~~~~~~~~~~~~~~~
ext/redcloth_scan/redcloth_scan.c:23039:18: warning: unused variable 'redcloth_scan_en_footnote' [-Wunused-const-variable]
 23039 | static const int redcloth_scan_en_footnote = 2475;
       |                  ^~~~~~~~~~~~~~~~~~~~~~~~~
ext/redcloth_scan/redcloth_scan.c:23040:18: warning: unused variable 'redcloth_scan_en_list_item' [-Wunused-const-variable]
 23040 | static const int redcloth_scan_en_list_item = 2159;
       |                  ^~~~~~~~~~~~~~~~~~~~~~~~~~
ext/redcloth_scan/redcloth_scan.c:23041:18: warning: unused variable 'redcloth_scan_en_list_content' [-Wunused-const-variable]
 23041 | static const int redcloth_scan_en_list_content = 2479;
       |                  ^~~~~~~~~~~~~~~~~~~~~~~~~~~~~
ext/redcloth_scan/redcloth_scan.c:23042:18: warning: unused variable 'redcloth_scan_en_dl' [-Wunused-const-variable]
 23042 | static const int redcloth_scan_en_dl = 2484;
       |                  ^~~~~~~~~~~~~~~~~~~
ext/redcloth_scan/redcloth_scan.c:23043:18: warning: unused variable 'redcloth_scan_en_main' [-Wunused-const-variable]
 23043 | static const int redcloth_scan_en_main = 2250;
       |                  ^~~~~~~~~~~~~~~~~~~~~
8 warnings generated.
18 warnings generated.
linking shared-object redcloth_scan.bundle

current directory: /Users/leo/Desktop/UofT/Grad/leo-watson.github.io/vendor/bundle/ruby/4.0.0/gems/RedCloth-4.2.9/ext/redcloth_scan
make -j9 DESTDIR\= sitearchdir\=./.gem.20260115-19158-22cz0g sitelibdir\=./.gem.20260115-19158-22cz0g install
/usr/bin/install -c -m 0755 redcloth_scan.bundle ./.gem.20260115-19158-22cz0g

current directory: /Users/leo/Desktop/UofT/Grad/leo-watson.github.io/vendor/bundle/ruby/4.0.0/gems/RedCloth-4.2.9/ext/redcloth_scan
make DESTDIR\= sitearchdir\=./.gem.20260115-19158-22cz0g sitelibdir\=./.gem.20260115-19158-22cz0g clean
